// Jest Snapshot v1, https://goo.gl/fbAQLP

exports[`Camera renders correctly 1`] = `<View />`;
