// Jest Snapshot v1, https://goo.gl/fbAQLP

exports[`Camera renders correctly 1`] = `<View />`;

exports[`Login Screen renders correctly 1`] = `
<View
  style={
    Object {
      "flex": 1,
    }
  }
>
  <Image
    source={
      Object {
        "uri": "https://cdn-images-1.medium.com/max/1920/1*AcYLHh0_ve4TNRi6HLFcPA.jpeg",
      }
    }
    style={
      Array [
        Object {
          "bottom": 0,
          "left": 0,
          "position": "absolute",
          "right": 0,
          "top": 0,
        },
        Object {
          "height": undefined,
          "width": undefined,
        },
        undefined,
      ]
    }
  />
  <View
    style={
      Object {
        "alignItems": "center",
        "backgroundColor": "transparent",
        "flex": 1,
        "flexDirection": "column",
        "justifyContent": "center",
      }
    }
  >
    <Text
      accessible={true}
      allowFontScaling={true}
      ellipsizeMode="tail"
      style={
        Object {
          "color": "white",
          "fontSize": 32,
          "textAlign": "center",
        }
      }
    >
      Welcome to What's That!
    </Text>
    <Text
      accessible={true}
      allowFontScaling={true}
      ellipsizeMode="tail"
      style={
        Object {
          "color": "white",
          "fontSize": 20,
          "textAlign": "center",
        }
      }
    >
      Please sign in to continue
    </Text>
    <View
      style={
        Object {
          "backgroundColor": "transparent",
          "justifyContent": "center",
          "marginTop": 30,
        }
      }
    >
      <TextInput
        allowFontScaling={true}
        onChangeText={[Function]}
        placeholder="Username"
        style={
          Object {
            "height": 40,
            "textAlign": "center",
            "width": 300,
          }
        }
        value=""
      />
      <TextInput
        allowFontScaling={true}
        onChangeText={[Function]}
        placeholder="Password"
        secureTextEntry={true}
        style={
          Object {
            "height": 40,
            "textAlign": "center",
            "width": 300,
          }
        }
        value=""
      />
      <View
        accessibilityComponentType="button"
        accessibilityTraits={
          Array [
            "button",
          ]
        }
        accessible={true}
        isTVSelectable={true}
        onResponderGrant={[Function]}
        onResponderMove={[Function]}
        onResponderRelease={[Function]}
        onResponderTerminate={[Function]}
        onResponderTerminationRequest={[Function]}
        onStartShouldSetResponder={[Function]}
        style={
          Object {
            "opacity": 1,
          }
        }
      >
        <View
          style={
            Array [
              Object {},
            ]
          }
        >
          <Text
            accessible={true}
            allowFontScaling={true}
            ellipsizeMode="tail"
            style={
              Array [
                Object {
                  "color": "#007AFF",
                  "fontSize": 18,
                  "padding": 8,
                  "textAlign": "center",
                },
              ]
            }
          >
            Create Account
          </Text>
        </View>
      </View>
      <View />
      <View />
      <View
        accessibilityComponentType="button"
        accessibilityTraits={
          Array [
            "button",
          ]
        }
        accessible={true}
        isTVSelectable={true}
        onResponderGrant={[Function]}
        onResponderMove={[Function]}
        onResponderRelease={[Function]}
        onResponderTerminate={[Function]}
        onResponderTerminationRequest={[Function]}
        onStartShouldSetResponder={[Function]}
        style={
          Object {
            "opacity": 1,
          }
        }
      >
        <View
          style={
            Array [
              Object {},
            ]
          }
        >
          <Text
            accessible={true}
            allowFontScaling={true}
            ellipsizeMode="tail"
            style={
              Array [
                Object {
                  "color": "#007AFF",
                  "fontSize": 18,
                  "padding": 8,
                  "textAlign": "center",
                },
              ]
            }
          >
            Submit
          </Text>
        </View>
      </View>
    </View>
  </View>
</View>
`;

exports[`Wikipedia view renders correctly 1`] = `
<View
  style={
    Object {
      "flex": 1,
    }
  }
>
  <View
    style={
      Object {
        "flex": 1,
      }
    }
  >
    <RCTWebView
      messagingEnabled={false}
      onLoadingError={[Function]}
      onLoadingFinish={[Function]}
      onLoadingStart={[Function]}
      onMessage={[Function]}
      scalesPageToFit={true}
      source={
        Object {
          "uri": "https://www.wikipedia.org/wiki/Empire State Building",
        }
      }
      style={
        Array [
          Object {
            "flex": 1,
          },
          Object {
            "backgroundColor": "#ffffff",
          },
          undefined,
        ]
      }
    />
  </View>
  <ActivityIndicator
    animating={true}
    color="#999999"
    hidesWhenStopped={true}
    size="small"
    style={
      Object {
        "height": "100%",
        "width": "100%",
      }
    }
  />
</View>
`;
